Archive member included to satisfy reference by file (symbol)

/Applications/STM32CubeIDE.app/Contents/Eclipse/plugins/com.st.stm32cube.ide.mcu.externaltools.gnu-tools-for-stm32.7-2018-q2-update.macos64_1.0.0.201904181610/tools/bin/../lib/gcc/arm-none-eabi/7.3.1/../../../../arm-none-eabi/lib/thumb/v7-m/libc_nano.a(lib_a-errno.o)
                              Core/Src/syscalls.o (__errno)
/Applications/STM32CubeIDE.app/Contents/Eclipse/plugins/com.st.stm32cube.ide.mcu.externaltools.gnu-tools-for-stm32.7-2018-q2-update.macos64_1.0.0.201904181610/tools/bin/../lib/gcc/arm-none-eabi/7.3.1/../../../../arm-none-eabi/lib/thumb/v7-m/libc_nano.a(lib_a-exit.o)
                              /Applications/STM32CubeIDE.app/Contents/Eclipse/plugins/com.st.stm32cube.ide.mcu.externaltools.gnu-tools-for-stm32.7-2018-q2-update.macos64_1.0.0.201904181610/tools/bin/../lib/gcc/arm-none-eabi/7.3.1/../../../../arm-none-eabi/lib/thumb/v7-m/crt0.o (exit)
/Applications/STM32CubeIDE.app/Contents/Eclipse/plugins/com.st.stm32cube.ide.mcu.externaltools.gnu-tools-for-stm32.7-2018-q2-update.macos64_1.0.0.201904181610/tools/bin/../lib/gcc/arm-none-eabi/7.3.1/../../../../arm-none-eabi/lib/thumb/v7-m/libc_nano.a(lib_a-impure.o)
                              /Applications/STM32CubeIDE.app/Contents/Eclipse/plugins/com.st.stm32cube.ide.mcu.externaltools.gnu-tools-for-stm32.7-2018-q2-update.macos64_1.0.0.201904181610/tools/bin/../lib/gcc/arm-none-eabi/7.3.1/../../../../arm-none-eabi/lib/thumb/v7-m/libc_nano.a(lib_a-exit.o) (_global_impure_ptr)
/Applications/STM32CubeIDE.app/Contents/Eclipse/plugins/com.st.stm32cube.ide.mcu.externaltools.gnu-tools-for-stm32.7-2018-q2-update.macos64_1.0.0.201904181610/tools/bin/../lib/gcc/arm-none-eabi/7.3.1/../../../../arm-none-eabi/lib/thumb/v7-m/libc_nano.a(lib_a-init.o)
                              /Applications/STM32CubeIDE.app/Contents/Eclipse/plugins/com.st.stm32cube.ide.mcu.externaltools.gnu-tools-for-stm32.7-2018-q2-update.macos64_1.0.0.201904181610/tools/bin/../lib/gcc/arm-none-eabi/7.3.1/../../../../arm-none-eabi/lib/thumb/v7-m/crt0.o (__libc_init_array)
/Applications/STM32CubeIDE.app/Contents/Eclipse/plugins/com.st.stm32cube.ide.mcu.externaltools.gnu-tools-for-stm32.7-2018-q2-update.macos64_1.0.0.201904181610/tools/bin/../lib/gcc/arm-none-eabi/7.3.1/../../../../arm-none-eabi/lib/thumb/v7-m/libc_nano.a(lib_a-memcpy-stub.o)
                              Core/Src/SX1278.o (memcpy)
/Applications/STM32CubeIDE.app/Contents/Eclipse/plugins/com.st.stm32cube.ide.mcu.externaltools.gnu-tools-for-stm32.7-2018-q2-update.macos64_1.0.0.201904181610/tools/bin/../lib/gcc/arm-none-eabi/7.3.1/../../../../arm-none-eabi/lib/thumb/v7-m/libc_nano.a(lib_a-memset.o)
                              /Applications/STM32CubeIDE.app/Contents/Eclipse/plugins/com.st.stm32cube.ide.mcu.externaltools.gnu-tools-for-stm32.7-2018-q2-update.macos64_1.0.0.201904181610/tools/bin/../lib/gcc/arm-none-eabi/7.3.1/../../../../arm-none-eabi/lib/thumb/v7-m/crt0.o (memset)
/Applications/STM32CubeIDE.app/Contents/Eclipse/plugins/com.st.stm32cube.ide.mcu.externaltools.gnu-tools-for-stm32.7-2018-q2-update.macos64_1.0.0.201904181610/tools/bin/../lib/gcc/arm-none-eabi/7.3.1/../../../../arm-none-eabi/lib/thumb/v7-m/libc_nano.a(lib_a-sprintf.o)
                              Core/Src/main.o (sprintf)
/Applications/STM32CubeIDE.app/Contents/Eclipse/plugins/com.st.stm32cube.ide.mcu.externaltools.gnu-tools-for-stm32.7-2018-q2-update.macos64_1.0.0.201904181610/tools/bin/../lib/gcc/arm-none-eabi/7.3.1/../../../../arm-none-eabi/lib/thumb/v7-m/libc_nano.a(lib_a-nano-svfprintf.o)
                              /Applications/STM32CubeIDE.app/Contents/Eclipse/plugins/com.st.stm32cube.ide.mcu.externaltools.gnu-tools-for-stm32.7-2018-q2-update.macos64_1.0.0.201904181610/tools/bin/../lib/gcc/arm-none-eabi/7.3.1/../../../../arm-none-eabi/lib/thumb/v7-m/libc_nano.a(lib_a-sprintf.o) (_svfprintf_r)
/Applications/STM32CubeIDE.app/Contents/Eclipse/plugins/com.st.stm32cube.ide.mcu.externaltools.gnu-tools-for-stm32.7-2018-q2-update.macos64_1.0.0.201904181610/tools/bin/../lib/gcc/arm-none-eabi/7.3.1/../../../../arm-none-eabi/lib/thumb/v7-m/libc_nano.a(lib_a-nano-vfprintf_i.o)
                              /Applications/STM32CubeIDE.app/Contents/Eclipse/plugins/com.st.stm32cube.ide.mcu.externaltools.gnu-tools-for-stm32.7-2018-q2-update.macos64_1.0.0.201904181610/tools/bin/../lib/gcc/arm-none-eabi/7.3.1/../../../../arm-none-eabi/lib/thumb/v7-m/libc_nano.a(lib_a-nano-svfprintf.o) (_printf_i)
/Applications/STM32CubeIDE.app/Contents/Eclipse/plugins/com.st.stm32cube.ide.mcu.externaltools.gnu-tools-for-stm32.7-2018-q2-update.macos64_1.0.0.201904181610/tools/bin/../lib/gcc/arm-none-eabi/7.3.1/../../../../arm-none-eabi/lib/thumb/v7-m/libc_nano.a(lib_a-memchr-stub.o)
[...]
Memory Configuration

Name             Origin             Length             Attributes
RAM              0x0000000020000000 0x0000000000005000 xrw
FLASH            0x0000000008000000 0x0000000000010000 xr
*default*        0x0000000000000000 0xffffffffffffffff

Linker script and memory map

LOAD /Applications/STM32CubeIDE.app/Contents/Eclipse/plugins/com.st.stm32cube.ide.mcu.externaltools.gnu-tools-for-stm32.7-2018-q2-update.macos64_1.0.0.201904181610/tools/bin/../lib/gcc/arm-none-eabi/7.3.1/thumb/v7-m/crti.o
LOAD /Applications/STM32CubeIDE.app/Contents/Eclipse/plugins/com.st.stm32cube.ide.mcu.externaltools.gnu-tools-for-stm32.7-2018-q2-update.macos64_1.0.0.201904181610/tools/bin/../lib/gcc/arm-none-eabi/7.3.1/thumb/v7-m/crtbegin.o
LOAD /Applications/STM32CubeIDE.app/Contents/Eclipse/plugins/com.st.stm32cube.ide.mcu.externaltools.gnu-tools-for-stm32.7-2018-q2-update.macos64_1.0.0.201904181610/tools/bin/../lib/gcc/arm-none-eabi/7.3.1/../../../../arm-none-eabi/lib/thumb/v7-m/crt0.o
LOAD Core/Src/SX1278.o
LOAD Core/Src/main.o
LOAD Core/Src/stm32f1xx_hal_msp.o
LOAD Core/Src/stm32f1xx_it.o
LOAD Core/Src/syscalls.o
LOAD Core/Src/sysmem.o
LOAD Core/Src/system_stm32f1xx.o
LOAD Core/Startup/startup_stm32f103c8tx.o
LOAD Drivers/STM32F1xx_HAL_Driver/Src/stm32f1xx_hal.o
LOAD Drivers/STM32F1xx_HAL_Driver/Src/stm32f1xx_hal_cortex.o
LOAD Drivers/STM32F1xx_HAL_Driver/Src/stm32f1xx_hal_dma.o
LOAD Drivers/STM32F1xx_HAL_Driver/Src/stm32f1xx_hal_exti.o
LOAD Drivers/STM32F1xx_HAL_Driver/Src/stm32f1xx_hal_flash.o
LOAD Drivers/STM32F1xx_HAL_Driver/Src/stm32f1xx_hal_flash_ex.o
LOAD Drivers/STM32F1xx_HAL_Driver/Src/stm32f1xx_hal_gpio.o
LOAD Drivers/STM32F1xx_HAL_Driver/Src/stm32f1xx_hal_gpio_ex.o
LOAD Drivers/STM32F1xx_HAL_Driver/Src/stm32f1xx_hal_pwr.o
LOAD Drivers/STM32F1xx_HAL_Driver/Src/stm32f1xx_hal_rcc.o
LOAD Drivers/STM32F1xx_HAL_Driver/Src/stm32f1xx_hal_rcc_ex.o
LOAD Drivers/STM32F1xx_HAL_Driver/Src/stm32f1xx_hal_spi.o
LOAD Drivers/STM32F1xx_HAL_Driver/Src/stm32f1xx_hal_tim.o
LOAD Drivers/STM32F1xx_HAL_Driver/Src/stm32f1xx_hal_tim_ex.o
START GROUP
LOAD /Applications/STM32CubeIDE.app/Contents/Eclipse/plugins/com.st.stm32cube.ide.mcu.externaltools.gnu-tools-for-stm32.7-2018-q2-update.macos64_1.0.0.201904181610/tools/bin/../lib/gcc/arm-none-eabi/7.3.1/../../../../arm-none-eabi/lib/thumb/v7-m/libc_nano.a
LOAD /Applications/STM32CubeIDE.app/Contents/Eclipse/plugins/com.st.stm32cube.ide.mcu.externaltools.gnu-tools-for-stm32.7-2018-q2-update.macos64_1.0.0.201904181610/tools/bin/../lib/gcc/arm-none-eabi/7.3.1/../../../../arm-none-eabi/lib/thumb/v7-m/libm.a
END GROUP
START GROUP
LOAD /Applications/STM32CubeIDE.app/Contents/Eclipse/plugins/com.st.stm32cube.ide.mcu.externaltools.gnu-tools-for-stm32.7-2018-q2-update.macos64_1.0.0.201904181610/tools/bin/../lib/gcc/arm-none-eabi/7.3.1/thumb/v7-m/libgcc.a
LOAD /Applications/STM32CubeIDE.app/Contents/Eclipse/plugins/com.st.stm32cube.ide.mcu.externaltools.gnu-tools-for-stm32.7-2018-q2-update.macos64_1.0.0.201904181610/tools/bin/../lib/gcc/arm-none-eabi/7.3.1/../../../../arm-none-eabi/lib/thumb/v7-m/libc_nano.a
END GROUP
START GROUP
LOAD /Applications/STM32CubeIDE.app/Contents/Eclipse/plugins/com.st.stm32cube.ide.mcu.externaltools.gnu-tools-for-stm32.7-2018-q2-update.macos64_1.0.0.201904181610/tools/bin/../lib/gcc/arm-none-eabi/7.3.1/thumb/v7-m/libgcc.a
LOAD /Applications/STM32CubeIDE.app/Contents/Eclipse/plugins/com.st.stm32cube.ide.mcu.externaltools.gnu-tools-for-stm32.7-2018-q2-update.macos64_1.0.0.201904181610/tools/bin/../lib/gcc/arm-none-eabi/7.3.1/../../../../arm-none-eabi/lib/thumb/v7-m/libc_nano.a
LOAD /Applications/STM32CubeIDE.app/Contents/Eclipse/plugins/com.st.stm32cube.ide.mcu.externaltools.gnu-tools-for-stm32.7-2018-q2-update.macos64_1.0.0.201904181610/tools/bin/../lib/gcc/arm-none-eabi/7.3.1/../../../../arm-none-eabi/lib/thumb/v7-m/libnosys.a
END GROUP
START GROUP
LOAD /Applications/STM32CubeIDE.app/Contents/Eclipse/plugins/com.st.stm32cube.ide.mcu.externaltools.gnu-tools-for-stm32.7-2018-q2-update.macos64_1.0.0.201904181610/tools/bin/../lib/gcc/arm-none-eabi/7.3.1/thumb/v7-m/libgcc.a
LOAD /Applications/STM32CubeIDE.app/Contents/Eclipse/plugins/com.st.stm32cube.ide.mcu.externaltools.gnu-tools-for-stm32.7-2018-q2-update.macos64_1.0.0.201904181610/tools/bin/../lib/gcc/arm-none-eabi/7.3.1/../../../../arm-none-eabi/lib/thumb/v7-m/libc_nano.a
LOAD /Applications/STM32CubeIDE.app/Contents/Eclipse/plugins/com.st.stm32cube.ide.mcu.externaltools.gnu-tools-for-stm32.7-2018-q2-update.macos64_1.0.0.201904181610/tools/bin/../lib/gcc/arm-none-eabi/7.3.1/../../../../arm-none-eabi/lib/thumb/v7-m/libnosys.a
END GROUP
LOAD /Applications/STM32CubeIDE.app/Contents/Eclipse/plugins/com.st.stm32cube.ide.mcu.externaltools.gnu-tools-for-stm32.7-2018-q2-update.macos64_1.0.0.201904181610/tools/bin/../lib/gcc/arm-none-eabi/7.3.1/thumb/v7-m/crtend.o
LOAD /Applications/STM32CubeIDE.app/Contents/Eclipse/plugins/com.st.stm32cube.ide.mcu.externaltools.gnu-tools-for-stm32.7-2018-q2-update.macos64_1.0.0.201904181610/tools/bin/../lib/gcc/arm-none-eabi/7.3.1/thumb/v7-m/crtn.o
                0x0000000020005000                _estack = (ORIGIN (RAM) + LENGTH (RAM))
                0x0000000000000200                _Min_Heap_Size = 0x200
                0x0000000000000400                _Min_Stack_Size = 0x400

.isr_vector     0x0000000008000000      0x10c
                0x0000000008000000                . = ALIGN (0x4)
 *(.isr_vector)
 .isr_vector    0x0000000008000000      0x10c Core/Startup/startup_stm32f103c8tx.o
                0x0000000008000000                g_pfnVectors
                0x000000000800010c                . = ALIGN (0x4)

.text           0x0000000008000110     0x30bc
                0x0000000008000110                . = ALIGN (0x4)
 *(.text)
 .text          0x0000000008000110       0x40 /Applications/STM32CubeIDE.app/Contents/Eclipse/plugins/com.st.stm32cube.ide.mcu.externaltools.gnu-tools-for-stm32.7-2018-q2-update.macos64_1.0.0.201904181610/tools/bin/../lib/gcc/arm-none-eabi/7.3.1/thumb/v7-m/crtbegin.o
 .text          0x0000000008000150       0x30 /Applications/STM32CubeIDE.app/Contents/Eclipse/plugins/com.st.stm32cube.ide.mcu.externaltools.gnu-tools-for-stm32.7-2018-q2-update.macos64_1.0.0.201904181610/tools/bin/../lib/gcc/arm-none-eabi/7.3.1/thumb/v7-m/libgcc.a(_aeabi_uldivmod.o)
                0x0000000008000150                __aeabi_uldivmod
 .text          0x0000000008000180      0x2d0 /Applications/STM32CubeIDE.app/Contents/Eclipse/plugins/com.st.stm32cube.ide.mcu.externaltools.gnu-tools-for-stm32.7-2018-q2-update.macos64_1.0.0.201904181610/tools/bin/../lib/gcc/arm-none-eabi/7.3.1/thumb/v7-m/libgcc.a(_udivmoddi4.o)
                0x0000000008000180                __udivmoddi4
 .text          0x0000000008000450        0x4 /Applications/STM32CubeIDE.app/Contents/Eclipse/plugins/com.st.stm32cube.ide.mcu.externaltools.gnu-tools-for-stm32.7-2018-q2-update.macos64_1.0.0.201904181610/tools/bin/../lib/gcc/arm-none-eabi/7.3.1/thumb/v7-m/libgcc.a(_dvmd_tls.o)
                0x0000000008000450                __aeabi_ldiv0
                0x0000000008000450                __aeabi_idiv0
 *(.text*)
 .text.SX1278_hw_init
                0x0000000008000454       0x2a Core/Src/SX1278.o
                0x0000000008000454                SX1278_hw_init
 .text.SX1278_hw_SetNSS
                0x000000000800047e       0x2e Core/Src/SX1278.o
                0x000000000800047e                SX1278_hw_SetNSS
 .text.SX1278_hw_Reset
                0x00000000080004ac       0x48 Core/Src/SX1278.o
                0x00000000080004ac                SX1278_hw_Reset
 .text.SX1278_hw_SPICommand
                0x00000000080004f4       0x3e Core/Src/SX1278.o
                0x00000000080004f4                SX1278_hw_SPICommand
 .text.SX1278_hw_SPIReadByte
                0x0000000008000532       0x4c Core/Src/SX1278.o
                0x0000000008000532                SX1278_hw_SPIReadByte
 .text.SX1278_hw_DelayMs
                0x000000000800057e       0x16 Core/Src/SX1278.o
                0x000000000800057e                SX1278_hw_DelayMs
 .text.SX1278_hw_GetDIO0
                0x0000000008000594       0x2e Core/Src/SX1278.o
                0x0000000008000594                SX1278_hw_GetDIO0
 .text.SX1278_SPIRead
                0x00000000080005c2       0x3e Core/Src/SX1278.o
                0x00000000080005c2                SX1278_SPIRead
 .text.SX1278_SPIWrite
                0x0000000008000600       0x52 Core/Src/SX1278.o
                0x0000000008000600                SX1278_SPIWrite
 .text.SX1278_SPIBurstWrite
                0x0000000008000652       0x76 Core/Src/SX1278.o
                0x0000000008000652                SX1278_SPIBurstWrite
 .text.SX1278_defaultConfig
                0x00000000080006c8       0x36 Core/Src/SX1278.o
                0x00000000080006c8                SX1278_defaultConfig
 *fill*         0x00000000080006fe        0x2 
 .text.SX1278_config
                0x0000000008000700      0x1b8 Core/Src/SX1278.o
                0x0000000008000700                SX1278_config
 .text.SX1278_standby
                0x00000000080008b8       0x20 Core/Src/SX1278.o
                0x00000000080008b8                SX1278_standby
 .text.SX1278_sleep
                0x00000000080008d8       0x20 Core/Src/SX1278.o
                0x00000000080008d8                SX1278_sleep
 .text.SX1278_entryLoRa
                0x00000000080008f8       0x1a Core/Src/SX1278.o
                0x00000000080008f8                SX1278_entryLoRa
 .text.SX1278_clearLoRaIrq
                0x0000000008000912       0x1a Core/Src/SX1278.o
                0x0000000008000912                SX1278_clearLoRaIrq
 .text.SX1278_LoRaEntryTx
                0x000000000800092c       0xb0 Core/Src/SX1278.o
                0x000000000800092c                SX1278_LoRaEntryTx
 .text.SX1278_LoRaTxPacket
                0x00000000080009dc       0x7e Core/Src/SX1278.o
                0x00000000080009dc                SX1278_LoRaTxPacket
 .text.SX1278_begin
                0x0000000008000a5a       0x4e Core/Src/SX1278.o
                0x0000000008000a5a                SX1278_begin
 .text.main     0x0000000008000aa8      0x150 Core/Src/main.o
                0x0000000008000aa8                main
 .text.SystemClock_Config
                0x0000000008000bf8       0x8a Core/Src/main.o
                0x0000000008000bf8                SystemClock_Config
 *fill*         0x0000000008000c82        0x2 
 .text.MX_SPI1_Init
                0x0000000008000c84       0x6c Core/Src/main.o
 .text.MX_GPIO_Init
                0x0000000008000cf0       0xf4 Core/Src/main.o
 .text.Error_Handler
                0x0000000008000de4        0xc Core/Src/main.o
                0x0000000008000de4                Error_Handler
 .text.HAL_MspInit
                0x0000000008000df0       0x64 Core/Src/stm32f1xx_hal_msp.o
                0x0000000008000df0                HAL_MspInit
 .text.HAL_SPI_MspInit
                0x0000000008000e54       0xc4 Core/Src/stm32f1xx_hal_msp.o
                0x0000000008000e54                HAL_SPI_MspInit
 .text.NMI_Handler
                0x0000000008000f18        0xc Core/Src/stm32f1xx_it.o
                0x0000000008000f18                NMI_Handler
 .text.HardFault_Handler
                0x0000000008000f24        0x6 Core/Src/stm32f1xx_it.o
                0x0000000008000f24                HardFault_Handler
 .text.MemManage_Handler
                0x0000000008000f2a        0x6 Core/Src/stm32f1xx_it.o
                0x0000000008000f2a                MemManage_Handler
 .text.BusFault_Handler
                0x0000000008000f30        0x6 Core/Src/stm32f1xx_it.o
                0x0000000008000f30                BusFault_Handler
 .text.UsageFault_Handler
                0x0000000008000f36        0x6 Core/Src/stm32f1xx_it.o
                0x0000000008000f36                UsageFault_Handler
 .text.SVC_Handler
                0x0000000008000f3c        0xc Core/Src/stm32f1xx_it.o
                0x0000000008000f3c                SVC_Handler
 .text.DebugMon_Handler
                0x0000000008000f48        0xc Core/Src/stm32f1xx_it.o
                0x0000000008000f48                DebugMon_Handler
 .text.PendSV_Handler
                0x0000000008000f54        0xc Core/Src/stm32f1xx_it.o
                0x0000000008000f54                PendSV_Handler
 .text.SysTick_Handler
                0x0000000008000f60        0xc Core/Src/stm32f1xx_it.o
                0x0000000008000f60                SysTick_Handler
 .text.SPI1_IRQHandler
                0x0000000008000f6c       0x14 Core/Src/stm32f1xx_it.o
                0x0000000008000f6c                SPI1_IRQHandler
 .text._sbrk    0x0000000008000f80       0x58 Core/Src/sysmem.o
                0x0000000008000f80                _sbrk
 .text.SystemInit
                0x0000000008000fd8       0x68 Core/Src/system_stm32f1xx.o
                0x0000000008000fd8                SystemInit
 .text.Reset_Handler
                0x0000000008001040       0x48 Core/Startup/startup_stm32f103c8tx.o
                0x0000000008001040                Reset_Handler
 .text.Default_Handler
                0x0000000008001088        0x2 Core/Startup/startup_stm32f103c8tx.o
                0x0000000008001088                USBWakeUp_IRQHandler
                0x0000000008001088                EXTI2_IRQHandler
                0x0000000008001088                TIM1_CC_IRQHandler
                0x0000000008001088                PVD_IRQHandler
                0x0000000008001088                EXTI3_IRQHandler
                0x0000000008001088                EXTI0_IRQHandler
                0x0000000008001088                I2C2_EV_IRQHandler
                0x0000000008001088                ADC1_2_IRQHandler
                0x0000000008001088                TAMPER_IRQHandler
                0x0000000008001088                DMA1_Channel4_IRQHandler
                0x0000000008001088                USART3_IRQHandler
                0x0000000008001088                RTC_IRQHandler
                0x0000000008001088                DMA1_Channel7_IRQHandler
                0x0000000008001088                CAN1_RX1_IRQHandler
                0x0000000008001088                TIM4_IRQHandler
                0x0000000008001088                I2C1_EV_IRQHandler
                0x0000000008001088                DMA1_Channel6_IRQHandler
                0x0000000008001088                TIM3_IRQHandler
                0x0000000008001088                RCC_IRQHandler
                0x0000000008001088                TIM1_TRG_COM_IRQHandler
                0x0000000008001088                DMA1_Channel1_IRQHandler
                0x0000000008001088                Default_Handler
                0x0000000008001088                EXTI15_10_IRQHandler
                0x0000000008001088                EXTI9_5_IRQHandler
                0x0000000008001088                SPI2_IRQHandler
                0x0000000008001088                DMA1_Channel5_IRQHandler
                0x0000000008001088                EXTI4_IRQHandler
                0x0000000008001088                USB_LP_CAN1_RX0_IRQHandler
                0x0000000008001088                USB_HP_CAN1_TX_IRQHandler
                0x0000000008001088                DMA1_Channel3_IRQHandler
                0x0000000008001088                TIM1_UP_IRQHandler
                0x0000000008001088                WWDG_IRQHandler
                0x0000000008001088                TIM2_IRQHandler
                0x0000000008001088                TIM1_BRK_IRQHandler
                0x0000000008001088                EXTI1_IRQHandler
                0x0000000008001088                USART2_IRQHandler
                0x0000000008001088                I2C2_ER_IRQHandler
                0x0000000008001088                DMA1_Channel2_IRQHandler
                0x0000000008001088                CAN1_SCE_IRQHandler
                0x0000000008001088                FLASH_IRQHandler
                0x0000000008001088                USART1_IRQHandler
                0x0000000008001088                I2C1_ER_IRQHandler
                0x0000000008001088                RTC_Alarm_IRQHandler
 *fill*         0x000000000800108a        0x2 
 .text.HAL_Init
                0x000000000800108c       0x2c Drivers/STM32F1xx_HAL_Driver/Src/stm32f1xx_hal.o
                0x000000000800108c                HAL_Init
 .text.HAL_InitTick
                0x00000000080010b8       0x60 Drivers/STM32F1xx_HAL_Driver/Src/stm32f1xx_hal.o
                0x00000000080010b8                HAL_InitTick
 .text.HAL_IncTick
                0x0000000008001118       0x24 Drivers/STM32F1xx_HAL_Driver/Src/stm32f1xx_hal.o
                0x0000000008001118                HAL_IncTick
 .text.HAL_GetTick
                0x000000000800113c       0x14 Drivers/STM32F1xx_HAL_Driver/Src/stm32f1xx_hal.o
                0x000000000800113c                HAL_GetTick
 .text.HAL_Delay
                0x0000000008001150       0x44 Drivers/STM32F1xx_HAL_Driver/Src/stm32f1xx_hal.o
                0x0000000008001150                HAL_Delay
 .text.__NVIC_SetPriorityGrouping
                0x0000000008001194       0x48 Drivers/STM32F1xx_HAL_Driver/Src/stm32f1xx_hal_cortex.o
 .text.__NVIC_GetPriorityGrouping
                0x00000000080011dc       0x1c Drivers/STM32F1xx_HAL_Driver/Src/stm32f1xx_hal_cortex.o
 .text.__NVIC_EnableIRQ
                0x00000000080011f8       0x38 Drivers/STM32F1xx_HAL_Driver/Src/stm32f1xx_hal_cortex.o
 .text.__NVIC_SetPriority
                0x0000000008001230       0x54 Drivers/STM32F1xx_HAL_Driver/Src/stm32f1xx_hal_cortex.o
 .text.NVIC_EncodePriority
                0x0000000008001284       0x64 Drivers/STM32F1xx_HAL_Driver/Src/stm32f1xx_hal_cortex.o
 .text.SysTick_Config
                0x00000000080012e8       0x44 Drivers/STM32F1xx_HAL_Driver/Src/stm32f1xx_hal_cortex.o
 .text.HAL_NVIC_SetPriorityGrouping
                0x000000000800132c       0x16 Drivers/STM32F1xx_HAL_Driver/Src/stm32f1xx_hal_cortex.o
                0x000000000800132c                HAL_NVIC_SetPriorityGrouping
 .text.HAL_NVIC_SetPriority
                0x0000000008001342       0x38 Drivers/STM32F1xx_HAL_Driver/Src/stm32f1xx_hal_cortex.o
                0x0000000008001342                HAL_NVIC_SetPriority
 .text.HAL_NVIC_EnableIRQ
                0x000000000800137a       0x1c Drivers/STM32F1xx_HAL_Driver/Src/stm32f1xx_hal_cortex.o
                0x000000000800137a                HAL_NVIC_EnableIRQ
 .text.HAL_SYSTICK_Config
                0x0000000008001396       0x18 Drivers/STM32F1xx_HAL_Driver/Src/stm32f1xx_hal_cortex.o
                0x0000000008001396                HAL_SYSTICK_Config
 *fill*         0x00000000080013ae        0x2 
 .text.HAL_DMA_Abort_IT
                0x00000000080013b0       0xec Drivers/STM32F1xx_HAL_Driver/Src/stm32f1xx_hal_dma.o
                0x00000000080013b0                HAL_DMA_Abort_IT
 .text.HAL_GPIO_Init
                0x000000000800149c      0x2b4 Drivers/STM32F1xx_HAL_Driver/Src/stm32f1xx_hal_gpio.o
                0x000000000800149c                HAL_GPIO_Init
 .text.HAL_GPIO_ReadPin
                0x0000000008001750       0x2e Drivers/STM32F1xx_HAL_Driver/Src/stm32f1xx_hal_gpio.o
                0x0000000008001750                HAL_GPIO_ReadPin
 .text.HAL_GPIO_WritePin
                0x000000000800177e       0x30 Drivers/STM32F1xx_HAL_Driver/Src/stm32f1xx_hal_gpio.o
                0x000000000800177e                HAL_GPIO_WritePin
 *fill*         0x00000000080017ae        0x2 
 .text.HAL_RCC_OscConfig
                0x00000000080017b0      0x500 Drivers/STM32F1xx_HAL_Driver/Src/stm32f1xx_hal_rcc.o
                0x00000000080017b0                HAL_RCC_OscConfig
 .text.HAL_RCC_ClockConfig
                0x0000000008001cb0      0x1d4 Drivers/STM32F1xx_HAL_Driver/Src/stm32f1xx_hal_rcc.o
                0x0000000008001cb0                HAL_RCC_ClockConfig
 .text.HAL_RCC_GetSysClockFreq
                0x0000000008001e84       0xc4 Drivers/STM32F1xx_HAL_Driver/Src/stm32f1xx_hal_rcc.o
                0x0000000008001e84                HAL_RCC_GetSysClockFreq
 .text.RCC_Delay
                0x0000000008001f48       0x3c Drivers/STM32F1xx_HAL_Driver/Src/stm32f1xx_hal_rcc.o
 .text.HAL_SPI_Init
                0x0000000008001f84       0xc2 Drivers/STM32F1xx_HAL_Driver/Src/stm32f1xx_hal_spi.o
                0x0000000008001f84                HAL_SPI_Init
 .text.HAL_SPI_Transmit
                0x0000000008002046      0x268 Drivers/STM32F1xx_HAL_Driver/Src/stm32f1xx_hal_spi.o
                0x0000000008002046                HAL_SPI_Transmit
 .text.HAL_SPI_TransmitReceive
                0x00000000080022ae      0x344 Drivers/STM32F1xx_HAL_Driver/Src/stm32f1xx_hal_spi.o
                0x00000000080022ae                HAL_SPI_TransmitReceive
 *fill*         0x00000000080025f2        0x2 
 .text.HAL_SPI_IRQHandler
                0x00000000080025f4      0x1d0 Drivers/STM32F1xx_HAL_Driver/Src/stm32f1xx_hal_spi.o
                0x00000000080025f4                HAL_SPI_IRQHandler
 .text.HAL_SPI_ErrorCallback
                0x00000000080027c4       0x12 Drivers/STM32F1xx_HAL_Driver/Src/stm32f1xx_hal_spi.o
                0x00000000080027c4                HAL_SPI_ErrorCallback
 .text.HAL_SPI_GetState
                0x00000000080027d6       0x1a Drivers/STM32F1xx_HAL_Driver/Src/stm32f1xx_hal_spi.o
                0x00000000080027d6                HAL_SPI_GetState
 .text.SPI_DMAAbortOnError
                0x00000000080027f0       0x28 Drivers/STM32F1xx_HAL_Driver/Src/stm32f1xx_hal_spi.o
 .text.SPI_WaitFlagStateUntilTimeout
                0x0000000008002818       0xd4 Drivers/STM32F1xx_HAL_Driver/Src/stm32f1xx_hal_spi.o
 .text.SPI_EndRxTxTransaction
                0x00000000080028ec       0x3c Drivers/STM32F1xx_HAL_Driver/Src/stm32f1xx_hal_spi.o
 .text.__errno  0x0000000008002928        0xc /Applications/STM32CubeIDE.app/Contents/Eclipse/plugins/com.st.stm32cube.ide.mcu.externaltools.gnu-tools-for-stm32.7-2018-q2-update.macos64_1.0.0.201904181610/tools/bin/../lib/gcc/arm-none-eabi/7.3.1/../../../../arm-none-eabi/lib/thumb/v7-m/libc_nano.a(lib_a-errno.o)
                0x0000000008002928                __errno
 .text.__libc_init_array
                0x0000000008002934       0x48 /Applications/STM32CubeIDE.app/Contents/Eclipse/plugins/com.st.stm32cube.ide.mcu.externaltools.gnu-tools-for-stm32.7-2018-q2-update.macos64_1.0.0.201904181610/tools/bin/../lib/gcc/arm-none-eabi/7.3.1/../../../../arm-none-eabi/lib/thumb/v7-m/libc_nano.a(lib_a-init.o)
                0x0000000008002934                __libc_init_array
 .text.memcpy   0x000000000800297c       0x16 /Applications/STM32CubeIDE.app/Contents/Eclipse/plugins/com.st.stm32cube.ide.mcu.externaltools.gnu-tools-for-stm32.7-2018-q2-update.macos64_1.0.0.201904181610/tools/bin/../lib/gcc/arm-none-eabi/7.3.1/../../../../arm-none-eabi/lib/thumb/v7-m/libc_nano.a(lib_a-memcpy-stub.o)
                0x000000000800297c                memcpy
 .text.memset   0x0000000008002992       0x10 /Applications/STM32CubeIDE.app/Contents/Eclipse/plugins/com.st.stm32cube.ide.mcu.externaltools.gnu-tools-for-stm32.7-2018-q2-update.macos64_1.0.0.201904181610/tools/bin/../lib/gcc/arm-none-eabi/7.3.1/../../../../arm-none-eabi/lib/thumb/v7-m/libc_nano.a(lib_a-memset.o)
                0x0000000008002992                memset
 *fill*         0x00000000080029a2        0x2 
 .text.sprintf  0x00000000080029a4       0x40 /Applications/STM32CubeIDE.app/Contents/Eclipse/plugins/com.st.stm32cube.ide.mcu.externaltools.gnu-tools-for-stm32.7-2018-q2-update.macos64_1.0.0.201904181610/tools/bin/../lib/gcc/arm-none-eabi/7.3.1/../../../../arm-none-eabi/lib/thumb/v7-m/libc_nano.a(lib_a-sprintf.o)
                0x00000000080029a4                sprintf
                0x00000000080029a4                siprintf
 .text.__ssputs_r
                0x00000000080029e4       0xb4 /Applications/STM32CubeIDE.app/Contents/Eclipse/plugins/com.st.stm32cube.ide.mcu.externaltools.gnu-tools-for-stm32.7-2018-q2-update.macos64_1.0.0.201904181610/tools/bin/../lib/gcc/arm-none-eabi/7.3.1/../../../../arm-none-eabi/lib/thumb/v7-m/libc_nano.a(lib_a-nano-svfprintf.o)
                0x00000000080029e4                __ssputs_r
 .text._svfprintf_r
                0x0000000008002a98      0x1f0 /Applications/STM32CubeIDE.app/Contents/Eclipse/plugins/com.st.stm32cube.ide.mcu.externaltools.gnu-tools-for-stm32.7-2018-q2-update.macos64_1.0.0.201904181610/tools/bin/../lib/gcc/arm-none-eabi/7.3.1/../../../../arm-none-eabi/lib/thumb/v7-m/libc_nano.a(lib_a-nano-svfprintf.o)
                0x0000000008002a98                _svfprintf_r
                0x0000000008002a98                _svfiprintf_r
 .text._printf_common
                0x0000000008002c88       0xec /Applications/STM32CubeIDE.app/Contents/Eclipse/plugins/com.st.stm32cube.ide.mcu.externaltools.gnu-tools-for-stm32.7-2018-q2-update.macos64_1.0.0.201904181610/tools/bin/../lib/gcc/arm-none-eabi/7.3.1/../../../../arm-none-eabi/lib/thumb/v7-m/libc_nano.a(lib_a-nano-vfprintf_i.o)
                0x0000000008002c88                _printf_common
 .text._printf_i
                0x0000000008002d74      0x224 /Applications/STM32CubeIDE.app/Contents/Eclipse/plugins/com.st.stm32cube.ide.mcu.externaltools.gnu-tools-for-stm32.7-2018-q2-update.macos64_1.0.0.201904181610/tools/bin/../lib/gcc/arm-none-eabi/7.3.1/../../../../arm-none-eabi/lib/thumb/v7-m/libc_nano.a(lib_a-nano-vfprintf_i.o)
                0x0000000008002d74                _printf_i
 .text.memchr   0x0000000008002f98       0x1c /Applications/STM32CubeIDE.app/Contents/Eclipse/plugins/com.st.stm32cube.ide.mcu.externaltools.gnu-tools-for-stm32.7-2018-q2-update.macos64_1.0.0.201904181610/tools/bin/../lib/gcc/arm-none-eabi/7.3.1/../../../../arm-none-eabi/lib/thumb/v7-m/libc_nano.a(lib_a-memchr-stub.o)
                0x0000000008002f98                memchr
 .text.memmove  0x0000000008002fb4       0x32 /Applications/STM32CubeIDE.app/Contents/Eclipse/plugins/com.st.stm32cube.ide.mcu.externaltools.gnu-tools-for-stm32.7-2018-q2-update.macos64_1.0.0.201904181610/tools/bin/../lib/gcc/arm-none-eabi/7.3.1/../../../../arm-none-eabi/lib/thumb/v7-m/libc_nano.a(lib_a-memmove.o)
                0x0000000008002fb4                memmove
 *fill*         0x0000000008002fe6        0x2 
 .text._free_r  0x0000000008002fe8       0x98 /Applications/STM32CubeIDE.app/Contents/Eclipse/plugins/com.st.stm32cube.ide.mcu.externaltools.gnu-tools-for-stm32.7-2018-q2-update.macos64_1.0.0.201904181610/tools/bin/../lib/gcc/arm-none-eabi/7.3.1/../../../../arm-none-eabi/lib/thumb/v7-m/libc_nano.a(lib_a-nano-freer.o)
                0x0000000008002fe8                _free_r
 .text._malloc_r
                0x0000000008003080       0xb4 /Applications/STM32CubeIDE.app/Contents/Eclipse/plugins/com.st.stm32cube.ide.mcu.externaltools.gnu-tools-for-stm32.7-2018-q2-update.macos64_1.0.0.201904181610/tools/bin/../lib/gcc/arm-none-eabi/7.3.1/../../../../arm-none-eabi/lib/thumb/v7-m/libc_nano.a(lib_a-nano-mallocr.o)
                0x0000000008003080                _malloc_r
 .text._realloc_r
                0x0000000008003134       0x4c /Applications/STM32CubeIDE.app/Contents/Eclipse/plugins/com.st.stm32cube.ide.mcu.externaltools.gnu-tools-for-stm32.7-2018-q2-update.macos64_1.0.0.201904181610/tools/bin/../lib/gcc/arm-none-eabi/7.3.1/../../../../arm-none-eabi/lib/thumb/v7-m/libc_nano.a(lib_a-nano-reallocr.o)
                0x0000000008003134                _realloc_r
 .text._sbrk_r  0x0000000008003180       0x20 /Applications/STM32CubeIDE.app/Contents/Eclipse/plugins/com.st.stm32cube.ide.mcu.externaltools.gnu-tools-for-stm32.7-2018-q2-update.macos64_1.0.0.201904181610/tools/bin/../lib/gcc/arm-none-eabi/7.3.1/../../../../arm-none-eabi/lib/thumb/v7-m/libc_nano.a(lib_a-sbrkr.o)
                0x0000000008003180                _sbrk_r
 .text.__malloc_lock
                0x00000000080031a0        0x2 /Applications/STM32CubeIDE.app/Contents/Eclipse/plugins/com.st.stm32cube.ide.mcu.externaltools.gnu-tools-for-stm32.7-2018-q2-update.macos64_1.0.0.201904181610/tools/bin/../lib/gcc/arm-none-eabi/7.3.1/../../../../arm-none-eabi/lib/thumb/v7-m/libc_nano.a(lib_a-mlock.o)
                0x00000000080031a0                __malloc_lock
 .text.__malloc_unlock
                0x00000000080031a2        0x2 /Applications/STM32CubeIDE.app/Contents/Eclipse/plugins/com.st.stm32cube.ide.mcu.externaltools.gnu-tools-for-stm32.7-2018-q2-update.macos64_1.0.0.201904181610/tools/bin/../lib/gcc/arm-none-eabi/7.3.1/../../../../arm-none-eabi/lib/thumb/v7-m/libc_nano.a(lib_a-mlock.o)
                0x00000000080031a2                __malloc_unlock
 .text._malloc_usable_size_r
                0x00000000080031a4       0x10 /Applications/STM32CubeIDE.app/Contents/Eclipse/plugins/com.st.stm32cube.ide.mcu.externaltools.gnu-tools-for-stm32.7-2018-q2-update.macos64_1.0.0.201904181610/tools/bin/../lib/gcc/arm-none-eabi/7.3.1/../../../../arm-none-eabi/lib/thumb/v7-m/libc_nano.a(lib_a-nano-msizer.o)
                0x00000000080031a4                _malloc_usable_size_r
 *(.glue_7)
 .glue_7        0x00000000080031b4        0x0 linker stubs
 *(.glue_7t)
 .glue_7t       0x00000000080031b4        0x0 linker stubs
 *(.eh_frame)
 .eh_frame      0x00000000080031b4        0x0 /Applications/STM32CubeIDE.app/Contents/Eclipse/plugins/com.st.stm32cube.ide.mcu.externaltools.gnu-tools-for-stm32.7-2018-q2-update.macos64_1.0.0.201904181610/tools/bin/../lib/gcc/arm-none-eabi/7.3.1/thumb/v7-m/crtbegin.o
 *(.init)
 .init          0x00000000080031b4        0x4 /Applications/STM32CubeIDE.app/Contents/Eclipse/plugins/com.st.stm32cube.ide.mcu.externaltools.gnu-tools-for-stm32.7-2018-q2-update.macos64_1.0.0.201904181610/tools/bin/../lib/gcc/arm-none-eabi/7.3.1/thumb/v7-m/crti.o
                0x00000000080031b4                _init
 .init          0x00000000080031b8        0x8 /Applications/STM32CubeIDE.app/Contents/Eclipse/plugins/com.st.stm32cube.ide.mcu.externaltools.gnu-tools-for-stm32.7-2018-q2-update.macos64_1.0.0.201904181610/tools/bin/../lib/gcc/arm-none-eabi/7.3.1/thumb/v7-m/crtn.o
 *(.fini)
 .fini          0x00000000080031c0        0x4 /Applications/STM32CubeIDE.app/Contents/Eclipse/plugins/com.st.stm32cube.ide.mcu.externaltools.gnu-tools-for-stm32.7-2018-q2-update.macos64_1.0.0.201904181610/tools/bin/../lib/gcc/arm-none-eabi/7.3.1/thumb/v7-m/crti.o
                0x00000000080031c0                _fini
 .fini          0x00000000080031c4        0x8 /Applications/STM32CubeIDE.app/Contents/Eclipse/plugins/com.st.stm32cube.ide.mcu.externaltools.gnu-tools-for-stm32.7-2018-q2-update.macos64_1.0.0.201904181610/tools/bin/../lib/gcc/arm-none-eabi/7.3.1/thumb/v7-m/crtn.o
                0x00000000080031cc                . = ALIGN (0x4)
                0x00000000080031cc                _etext = .

.vfp11_veneer   0x00000000080031cc        0x0
 .vfp11_veneer  0x00000000080031cc        0x0 linker stubs

.v4_bx          0x00000000080031cc        0x0
 .v4_bx         0x00000000080031cc        0x0 linker stubs

.iplt           0x00000000080031cc        0x0
 .iplt          0x00000000080031cc        0x0 /Applications/STM32CubeIDE.app/Contents/Eclipse/plugins/com.st.stm32cube.ide.mcu.externaltools.gnu-tools-for-stm32.7-2018-q2-update.macos64_1.0.0.201904181610/tools/bin/../lib/gcc/arm-none-eabi/7.3.1/thumb/v7-m/crtbegin.o

.rodata         0x00000000080031cc       0x84
                0x00000000080031cc                . = ALIGN (0x4)
 *(.rodata)
 .rodata        0x00000000080031cc        0x3 Core/Src/SX1278.o
 *fill*         0x00000000080031cf        0x1 
 .rodata        0x00000000080031d0        0xe Core/Src/main.o
 *fill*         0x00000000080031de        0x2 
 .rodata        0x00000000080031e0       0x12 Drivers/STM32F1xx_HAL_Driver/Src/stm32f1xx_hal_rcc.o
 *(.rodata*)
 *fill*         0x00000000080031f2        0x2 
 .rodata.SX1278_Power
                0x00000000080031f4        0x4 Core/Src/SX1278.o
 .rodata.SX1278_SpreadFactor
                0x00000000080031f8        0x7 Core/Src/SX1278.o
 *fill*         0x00000000080031ff        0x1 
 .rodata.SX1278_LoRaBandwidth
                0x0000000008003200        0xa Core/Src/SX1278.o
 *fill*         0x000000000800320a        0x2 
 .rodata.AHBPrescTable
                0x000000000800320c       0x10 Core/Src/system_stm32f1xx.o
                0x000000000800320c                AHBPrescTable
 .rodata._svfprintf_r.str1.1
                0x000000000800321c       0x11 /Applications/STM32CubeIDE.app/Contents/Eclipse/plugins/com.st.stm32cube.ide.mcu.externaltools.gnu-tools-for-stm32.7-2018-q2-update.macos64_1.0.0.201904181610/tools/bin/../lib/gcc/arm-none-eabi/7.3.1/../../../../arm-none-eabi/lib/thumb/v7-m/libc_nano.a(lib_a-nano-svfprintf.o)
 .rodata._printf_i.str1.1
                0x000000000800322d       0x22 /Applications/STM32CubeIDE.app/Contents/Eclipse/plugins/com.st.stm32cube.ide.mcu.externaltools.gnu-tools-for-stm32.7-2018-q2-update.macos64_1.0.0.201904181610/tools/bin/../lib/gcc/arm-none-eabi/7.3.1/../../../../arm-none-eabi/lib/thumb/v7-m/libc_nano.a(lib_a-nano-vfprintf_i.o)
                0x0000000008003250                . = ALIGN (0x4)
 *fill*         0x000000000800324f        0x1 

.ARM.extab      0x0000000008003250        0x0
                0x0000000008003250                . = ALIGN (0x4)
 *(.ARM.extab* .gnu.linkonce.armextab.*)
                0x0000000008003250                . = ALIGN (0x4)

.ARM            0x0000000008003250        0x8
                0x0000000008003250                . = ALIGN (0x4)
                0x0000000008003250                __exidx_start = .
 *(.ARM.exidx*)
 .ARM.exidx     0x0000000008003250        0x8 /Applications/STM32CubeIDE.app/Contents/Eclipse/plugins/com.st.stm32cube.ide.mcu.externaltools.gnu-tools-for-stm32.7-2018-q2-update.macos64_1.0.0.201904181610/tools/bin/../lib/gcc/arm-none-eabi/7.3.1/thumb/v7-m/libgcc.a(_udivmoddi4.o)
                0x0000000008003258                __exidx_end = .
                0x0000000008003258                . = ALIGN (0x4)

.rel.dyn        0x0000000008003258        0x0
 .rel.iplt      0x0000000008003258        0x0 /Applications/STM32CubeIDE.app/Contents/Eclipse/plugins/com.st.stm32cube.ide.mcu.externaltools.gnu-tools-for-stm32.7-2018-q2-update.macos64_1.0.0.201904181610/tools/bin/../lib/gcc/arm-none-eabi/7.3.1/thumb/v7-m/crtbegin.o

.preinit_array  0x0000000008003258        0x0
                0x0000000008003258                . = ALIGN (0x4)
                0x0000000008003258                PROVIDE (__preinit_array_start = .)
 *(.preinit_array*)
                0x0000000008003258                PROVIDE (__preinit_array_end = .)
                0x0000000008003258                . = ALIGN (0x4)

.init_array     0x0000000008003258        0x4
                0x0000000008003258                . = ALIGN (0x4)
                0x0000000008003258                PROVIDE (__init_array_start = .)
 *(SORT_BY_NAME(.init_array.*))
 *(.init_array*)
 .init_array    0x0000000008003258        0x4 /Applications/STM32CubeIDE.app/Contents/Eclipse/plugins/com.st.stm32cube.ide.mcu.externaltools.gnu-tools-for-stm32.7-2018-q2-update.macos64_1.0.0.201904181610/tools/bin/../lib/gcc/arm-none-eabi/7.3.1/thumb/v7-m/crtbegin.o
                0x000000000800325c                PROVIDE (__init_array_end = .)
                0x000000000800325c                . = ALIGN (0x4)

.fini_array     0x000000000800325c        0x4
                0x000000000800325c                . = ALIGN (0x4)
                [!provide]                        PROVIDE (__fini_array_start = .)
 *(SORT_BY_NAME(.fini_array.*))
 *(.fini_array*)
 .fini_array    0x000000000800325c        0x4 /Applications/STM32CubeIDE.app/Contents/Eclipse/plugins/com.st.stm32cube.ide.mcu.externaltools.gnu-tools-for-stm32.7-2018-q2-update.macos64_1.0.0.201904181610/tools/bin/../lib/gcc/arm-none-eabi/7.3.1/thumb/v7-m/crtbegin.o
                [!provide]                        PROVIDE (__fini_array_end = .)
                0x0000000008003260                . = ALIGN (0x4)
                0x0000000008003260                _sidata = LOADADDR (.data)

.data           0x0000000020000000      0x410 load address 0x0000000008003260
                0x0000000020000000                . = ALIGN (0x4)
                0x0000000020000000                _sdata = .
 *(.data)
 *(.data*)
 .data.latitude
                0x0000000020000000       0xe6 Core/Src/main.o
                0x0000000020000000                latitude
 *fill*         0x00000000200000e6        0x2 
 .data.longitude
                0x00000000200000e8       0xe6 Core/Src/main.o
                0x00000000200000e8                longitude
 *fill*         0x00000000200001ce        0x2 
 .data.height   0x00000000200001d0       0xe6 Core/Src/main.o
                0x00000000200001d0                height
 *fill*         0x00000000200002b6        0x2 
 .data.speed    0x00000000200002b8       0xe6 Core/Src/main.o
                0x00000000200002b8                speed
 *fill*         0x000000002000039e        0x2 
 .data.SystemCoreClock
                0x00000000200003a0        0x4 Core/Src/system_stm32f1xx.o
                0x00000000200003a0                SystemCoreClock
 .data.uwTickPrio
                0x00000000200003a4        0x4 Drivers/STM32F1xx_HAL_Driver/Src/stm32f1xx_hal.o
                0x00000000200003a4                uwTickPrio
 .data.uwTickFreq
                0x00000000200003a8        0x1 Drivers/STM32F1xx_HAL_Driver/Src/stm32f1xx_hal.o
                0x00000000200003a8                uwTickFreq
 *fill*         0x00000000200003a9        0x3 
 .data._impure_ptr
                0x00000000200003ac        0x4 /Applications/STM32CubeIDE.app/Contents/Eclipse/plugins/com.st.stm32cube.ide.mcu.externaltools.gnu-tools-for-stm32.7-2018-q2-update.macos64_1.0.0.201904181610/tools/bin/../lib/gcc/arm-none-eabi/7.3.1/../../../../arm-none-eabi/lib/thumb/v7-m/libc_nano.a(lib_a-impure.o)
                0x00000000200003ac                _impure_ptr
 .data.impure_data
                0x00000000200003b0       0x60 /Applications/STM32CubeIDE.app/Contents/Eclipse/plugins/com.st.stm32cube.ide.mcu.externaltools.gnu-tools-for-stm32.7-2018-q2-update.macos64_1.0.0.201904181610/tools/bin/../lib/gcc/arm-none-eabi/7.3.1/../../../../arm-none-eabi/lib/thumb/v7-m/libc_nano.a(lib_a-impure.o)
                0x0000000020000410                . = ALIGN (0x4)
                0x0000000020000410                _edata = .

.igot.plt       0x0000000020000410        0x0 load address 0x0000000008003670
 .igot.plt      0x0000000020000410        0x0 /Applications/STM32CubeIDE.app/Contents/Eclipse/plugins/com.st.stm32cube.ide.mcu.externaltools.gnu-tools-for-stm32.7-2018-q2-update.macos64_1.0.0.201904181610/tools/bin/../lib/gcc/arm-none-eabi/7.3.1/thumb/v7-m/crtbegin.o
                0x0000000020000410                . = ALIGN (0x4)

.bss            0x0000000020000410      0x208 load address 0x0000000008003670
                0x0000000020000410                _sbss = .
                0x0000000020000410                __bss_start__ = _sbss
 *(.bss)
 .bss           0x0000000020000410       0x1c /Applications/STM32CubeIDE.app/Contents/Eclipse/plugins/com.st.stm32cube.ide.mcu.externaltools.gnu-tools-for-stm32.7-2018-q2-update.macos64_1.0.0.201904181610/tools/bin/../lib/gcc/arm-none-eabi/7.3.1/thumb/v7-m/crtbegin.o
 *(.bss*)
 .bss.heap_end.5149
                0x000000002000042c        0x4 Core/Src/sysmem.o
 .bss.__malloc_free_list
                0x0000000020000430        0x4 /Applications/STM32CubeIDE.app/Contents/Eclipse/plugins/com.st.stm32cube.ide.mcu.externaltools.gnu-tools-for-stm32.7-2018-q2-update.macos64_1.0.0.201904181610/tools/bin/../lib/gcc/arm-none-eabi/7.3.1/../../../../arm-none-eabi/lib/thumb/v7-m/libc_nano.a(lib_a-nano-mallocr.o)
                0x0000000020000430                __malloc_free_list
 .bss.__malloc_sbrk_start
                0x0000000020000434        0x4 /Applications/STM32CubeIDE.app/Contents/Eclipse/plugins/com.st.stm32cube.ide.mcu.externaltools.gnu-tools-for-stm32.7-2018-q2-update.macos64_1.0.0.201904181610/tools/bin/../lib/gcc/arm-none-eabi/7.3.1/../../../../arm-none-eabi/lib/thumb/v7-m/libc_nano.a(lib_a-nano-mallocr.o)
                0x0000000020000434                __malloc_sbrk_start
 *(COMMON)
 COMMON         0x0000000020000438      0x1d8 Core/Src/main.o
                0x0000000020000438                message_length
                0x000000002000043c                buffer
                0x000000002000047c                hspi1
                0x00000000200004d8                SX1278
                0x00000000200005f0                ret
                0x00000000200005f4                SX1278_hw
 COMMON         0x0000000020000610        0x4 Drivers/STM32F1xx_HAL_Driver/Src/stm32f1xx_hal.o
                0x0000000020000610                uwTick
 COMMON         0x0000000020000614        0x4 /Applications/STM32CubeIDE.app/Contents/Eclipse/plugins/com.st.stm32cube.ide.mcu.externaltools.gnu-tools-for-stm32.7-2018-q2-update.macos64_1.0.0.201904181610/tools/bin/../lib/gcc/arm-none-eabi/7.3.1/../../../../arm-none-eabi/lib/thumb/v7-m/libc_nano.a(lib_a-reent.o)
                0x0000000020000614                errno
                0x0000000020000618                . = ALIGN (0x4)
                0x0000000020000618                _ebss = .
                0x0000000020000618                __bss_end__ = _ebss

._user_heap_stack
                0x0000000020000618      0x600 load address 0x0000000008003670
                0x0000000020000618                . = ALIGN (0x8)
                0x0000000020000618                PROVIDE (end = .)
                [!provide]                        PROVIDE (_end = .)
                0x0000000020000818                . = (. + _Min_Heap_Size)
 *fill*         0x0000000020000618      0x200 
                0x0000000020000c18                . = (. + _Min_Stack_Size)
 *fill*         0x0000000020000818      0x400 
                0x0000000020000c18                . = ALIGN (0x8)

/DISCARD/
 libc.a(*)
 libm.a(*)
 libgcc.a(*)

.ARM.attributes
                0x0000000000000000       0x29
 *(.ARM.attributes)
 .ARM.attributes
                0x0000000000000000       0x1d /Applications/STM32CubeIDE.app/Contents/Eclipse/plugins/com.st.stm32cube.ide.mcu.externaltools.gnu-tools-for-stm32.7-2018-q2-update.macos64_1.0.0.201904181610/tools/bin/../lib/gcc/arm-none-eabi/7.3.1/thumb/v7-m/crti.o
 .ARM.attributes
                0x000000000000001d       0x2d /Applications/STM32CubeIDE.app/Contents/Eclipse/plugins/com.st.stm32cube.ide.mcu.externaltools.gnu-tools-for-stm32.7-2018-q2-update.macos64_1.0.0.201904181610/tools/bin/../lib/gcc/arm-none-eabi/7.3.1/thumb/v7-m/crtbegin.o
 .ARM.attributes
                0x000000000000004a       0x33 Core/Src/SX1278.o
 .ARM.attributes
                0x000000000000007d       0x33 Core/Src/main.o
 .ARM.attributes
                0x00000000000000b0       0x33 Core/Src/stm32f1xx_hal_msp.o
 .ARM.attributes
                0x00000000000000e3       0x33 Core/Src/stm32f1xx_it.o
 .ARM.attributes
                0x0000000000000116       0x33 Core/Src/sysmem.o
 .ARM.attributes
                0x0000000000000149       0x33 Core/Src/system_stm32f1xx.o
 .ARM.attributes
                0x000000000000017c       0x21 Core/Startup/startup_stm32f103c8tx.o
 .ARM.attributes
                0x000000000000019d       0x33 Drivers/STM32F1xx_HAL_Driver/Src/stm32f1xx_hal.o
 .ARM.attributes
                0x00000000000001d0       0x33 Drivers/STM32F1xx_HAL_Driver/Src/stm32f1xx_hal_cortex.o
 .ARM.attributes
                0x0000000000000203       0x33 Drivers/STM32F1xx_HAL_Driver/Src/stm32f1xx_hal_dma.o
 .ARM.attributes
                0x0000000000000236       0x33 Drivers/STM32F1xx_HAL_Driver/Src/stm32f1xx_hal_gpio.o
 .ARM.attributes
                0x0000000000000269       0x33 Drivers/STM32F1xx_HAL_Driver/Src/stm32f1xx_hal_rcc.o
 .ARM.attributes
                0x000000000000029c       0x33 Drivers/STM32F1xx_HAL_Driver/Src/stm32f1xx_hal_spi.o
 .ARM.attributes
                0x00000000000002cf       0x2d /Applications/STM32CubeIDE.app/Contents/Eclipse/plugins/com.st.stm32cube.ide.mcu.externaltools.gnu-tools-for-stm32.7-2018-q2-update.macos64_1.0.0.201904181610/tools/bin/../lib/gcc/arm-none-eabi/7.3.1/../../../../arm-none-eabi/lib/thumb/v7-m/libc_nano.a(lib_a-errno.o)
 .ARM.attributes
                0x00000000000002fc       0x2d /Applications/STM32CubeIDE.app/Contents/Eclipse/plugins/com.st.stm32cube.ide.mcu.externaltools.gnu-tools-for-stm32.7-2018-q2-update.macos64_1.0.0.201904181610/tools/bin/../lib/gcc/arm-none-eabi/7.3.1/../../../../arm-none-eabi/lib/thumb/v7-m/libc_nano.a(lib_a-impure.o)
 .ARM.attributes
                0x0000000000000329       0x2d /Applications/STM32CubeIDE.app/Contents/Eclipse/plugins/com.st.stm32cube.ide.mcu.externaltools.gnu-tools-for-stm32.7-2018-q2-update.macos64_1.0.0.201904181610/tools/bin/../lib/gcc/arm-none-eabi/7.3.1/../../../../arm-none-eabi/lib/thumb/v7-m/libc_nano.a(lib_a-init.o)
 .ARM.attributes
                0x0000000000000356       0x2d /Applications/STM32CubeIDE.app/Contents/Eclipse/plugins/com.st.stm32cube.ide.mcu.externaltools.gnu-tools-for-stm32.7-2018-q2-update.macos64_1.0.0.201904181610/tools/bin/../lib/gcc/arm-none-eabi/7.3.1/../../../../arm-none-eabi/lib/thumb/v7-m/libc_nano.a(lib_a-memcpy-stub.o)
 .ARM.attributes
                0x0000000000000383       0x2d /Applications/STM32CubeIDE.app/Contents/Eclipse/plugins/com.st.stm32cube.ide.mcu.externaltools.gnu-tools-for-stm32.7-2018-q2-update.macos64_1.0.0.201904181610/tools/bin/../lib/gcc/arm-none-eabi/7.3.1/../../../../arm-none-eabi/lib/thumb/v7-m/libc_nano.a(lib_a-memset.o)
 .ARM.attributes
                0x00000000000003b0       0x2d /Applications/STM32CubeIDE.app/Contents/Eclipse/plugins/com.st.stm32cube.ide.mcu.externaltools.gnu-tools-for-stm32.7-2018-q2-update.macos64_1.0.0.201904181610/tools/bin/../lib/gcc/arm-none-eabi/7.3.1/../../../../arm-none-eabi/lib/thumb/v7-m/libc_nano.a(lib_a-sprintf.o)
 .ARM.attributes
                0x00000000000003dd       0x2d /Applications/STM32CubeIDE.app/Contents/Eclipse/plugins/com.st.stm32cube.ide.mcu.externaltools.gnu-tools-for-stm32.7-2018-q2-update.macos64_1.0.0.201904181610/tools/bin/../lib/gcc/arm-none-eabi/7.3.1/../../../../arm-none-eabi/lib/thumb/v7-m/libc_nano.a(lib_a-nano-svfprintf.o)
 .ARM.attributes
                0x000000000000040a       0x2d /Applications/STM32CubeIDE.app/Contents/Eclipse/plugins/com.st.stm32cube.ide.mcu.externaltools.gnu-tools-for-stm32.7-2018-q2-update.macos64_1.0.0.201904181610/tools/bin/../lib/gcc/arm-none-eabi/7.3.1/../../../../arm-none-eabi/lib/thumb/v7-m/libc_nano.a(lib_a-nano-vfprintf_i.o)
 .ARM.attributes
                0x0000000000000437       0x2d /Applications/STM32CubeIDE.app/Contents/Eclipse/plugins/com.st.stm32cube.ide.mcu.externaltools.gnu-tools-for-stm32.7-2018-q2-update.macos64_1.0.0.201904181610/tools/bin/../lib/gcc/arm-none-eabi/7.3.1/../../../../arm-none-eabi/lib/thumb/v7-m/libc_nano.a(lib_a-memchr-stub.o)
 .ARM.attributes
                0x0000000000000464       0x2d /Applications/STM32CubeIDE.app/Contents/Eclipse/plugins/com.st.stm32cube.ide.mcu.externaltools.gnu-tools-for-stm32.7-2018-q2-update.macos64_1.0.0.201904181610/tools/bin/../lib/gcc/arm-none-eabi/7.3.1/../../../../arm-none-eabi/lib/thumb/v7-m/libc_nano.a(lib_a-memmove.o)
 .ARM.attributes
                0x0000000000000491       0x2d /Applications/STM32CubeIDE.app/Contents/Eclipse/plugins/com.st.stm32cube.ide.mcu.externaltools.gnu-tools-for-stm32.7-2018-q2-update.macos64_1.0.0.201904181610/tools/bin/../lib/gcc/arm-none-eabi/7.3.1/../../../../arm-none-eabi/lib/thumb/v7-m/libc_nano.a(lib_a-nano-freer.o)
 .ARM.attributes
                0x00000000000004be       0x2d /Applications/STM32CubeIDE.app/Contents/Eclipse/plugins/com.st.stm32cube.ide.mcu.externaltools.gnu-tools-for-stm32.7-2018-q2-update.macos64_1.0.0.201904181610/tools/bin/../lib/gcc/arm-none-eabi/7.3.1/../../../../arm-none-eabi/lib/thumb/v7-m/libc_nano.a(lib_a-nano-mallocr.o)
 .ARM.attributes
                0x00000000000004eb       0x2d /Applications/STM32CubeIDE.app/Contents/Eclipse/plugins/com.st.stm32cube.ide.mcu.externaltools.gnu-tools-for-stm32.7-2018-q2-update.macos64_1.0.0.201904181610/tools/bin/../lib/gcc/arm-none-eabi/7.3.1/../../../../arm-none-eabi/lib/thumb/v7-m/libc_nano.a(lib_a-nano-reallocr.o)
 .ARM.attributes
                0x0000000000000518       0x2d /Applications/STM32CubeIDE.app/Contents/Eclipse/plugins/com.st.stm32cube.ide.mcu.externaltools.gnu-tools-for-stm32.7-2018-q2-update.macos64_1.0.0.201904181610/tools/bin/../lib/gcc/arm-none-eabi/7.3.1/../../../../arm-none-eabi/lib/thumb/v7-m/libc_nano.a(lib_a-sbrkr.o)
 .ARM.attributes
                0x0000000000000545       0x2d /Applications/STM32CubeIDE.app/Contents/Eclipse/plugins/com.st.stm32cube.ide.mcu.externaltools.gnu-tools-for-stm32.7-2018-q2-update.macos64_1.0.0.201904181610/tools/bin/../lib/gcc/arm-none-eabi/7.3.1/../../../../arm-none-eabi/lib/thumb/v7-m/libc_nano.a(lib_a-mlock.o)
 .ARM.attributes
                0x0000000000000572       0x2d /Applications/STM32CubeIDE.app/Contents/Eclipse/plugins/com.st.stm32cube.ide.mcu.externaltools.gnu-tools-for-stm32.7-2018-q2-update.macos64_1.0.0.201904181610/tools/bin/../lib/gcc/arm-none-eabi/7.3.1/../../../../arm-none-eabi/lib/thumb/v7-m/libc_nano.a(lib_a-nano-msizer.o)
 .ARM.attributes
                0x000000000000059f       0x2d /Applications/STM32CubeIDE.app/Contents/Eclipse/plugins/com.st.stm32cube.ide.mcu.externaltools.gnu-tools-for-stm32.7-2018-q2-update.macos64_1.0.0.201904181610/tools/bin/../lib/gcc/arm-none-eabi/7.3.1/../../../../arm-none-eabi/lib/thumb/v7-m/libc_nano.a(lib_a-reent.o)
 .ARM.attributes
                0x00000000000005cc       0x1d /Applications/STM32CubeIDE.app/Contents/Eclipse/plugins/com.st.stm32cube.ide.mcu.externaltools.gnu-tools-for-stm32.7-2018-q2-update.macos64_1.0.0.201904181610/tools/bin/../lib/gcc/arm-none-eabi/7.3.1/thumb/v7-m/libgcc.a(_aeabi_uldivmod.o)
 .ARM.attributes
                0x00000000000005e9       0x2d /Applications/STM32CubeIDE.app/Contents/Eclipse/plugins/com.st.stm32cube.ide.mcu.externaltools.gnu-tools-for-stm32.7-2018-q2-update.macos64_1.0.0.201904181610/tools/bin/../lib/gcc/arm-none-eabi/7.3.1/thumb/v7-m/libgcc.a(_udivmoddi4.o)
 .ARM.attributes
                0x0000000000000616       0x1d /Applications/STM32CubeIDE.app/Contents/Eclipse/plugins/com.st.stm32cube.ide.mcu.externaltools.gnu-tools-for-stm32.7-2018-q2-update.macos64_1.0.0.201904181610/tools/bin/../lib/gcc/arm-none-eabi/7.3.1/thumb/v7-m/libgcc.a(_dvmd_tls.o)
 .ARM.attributes
                0x0000000000000633       0x1d /Applications/STM32CubeIDE.app/Contents/Eclipse/plugins/com.st.stm32cube.ide.mcu.externaltools.gnu-tools-for-stm32.7-2018-q2-update.macos64_1.0.0.201904181610/tools/bin/../lib/gcc/arm-none-eabi/7.3.1/thumb/v7-m/crtn.o
OUTPUT(LoRaOled-Transmiter.elf elf32-littlearm)

.debug_info     0x0000000000000000     0x824f
 .debug_info    0x0000000000000000     0x1298 Core/Src/SX1278.o
 .debug_info    0x0000000000001298     0x1422 Core/Src/main.o
 .debug_info    0x00000000000026ba      0x9e9 Core/Src/stm32f1xx_hal_msp.o
 .debug_info    0x00000000000030a3      0x692 Core/Src/stm32f1xx_it.o
 .debug_info    0x0000000000003735      0x91c Core/Src/sysmem.o
 .debug_info    0x0000000000004051      0x433 Core/Src/system_stm32f1xx.o
 .debug_info    0x0000000000004484       0x22 Core/Startup/startup_stm32f103c8tx.o
 .debug_info    0x00000000000044a6      0x6fe Drivers/STM32F1xx_HAL_Driver/Src/stm32f1xx_hal.o
 .debug_info    0x0000000000004ba4      0xb46 Drivers/STM32F1xx_HAL_Driver/Src/stm32f1xx_hal_cortex.o
 .debug_info    0x00000000000056ea      0x7a6 Drivers/STM32F1xx_HAL_Driver/Src/stm32f1xx_hal_dma.o
 .debug_info    0x0000000000005e90      0x681 Drivers/STM32F1xx_HAL_Driver/Src/stm32f1xx_hal_gpio.o
 .debug_info    0x0000000000006511      0x804 Drivers/STM32F1xx_HAL_Driver/Src/stm32f1xx_hal_rcc.o
 .debug_info    0x0000000000006d15     0x153a Drivers/STM32F1xx_HAL_Driver/Src/stm32f1xx_hal_spi.o

.debug_abbrev   0x0000000000000000     0x17ea
 .debug_abbrev  0x0000000000000000      0x28d Core/Src/SX1278.o
 .debug_abbrev  0x000000000000028d      0x281 Core/Src/main.o
 .debug_abbrev  0x000000000000050e      0x195 Core/Src/stm32f1xx_hal_msp.o
 .debug_abbrev  0x00000000000006a3      0x158 Core/Src/stm32f1xx_it.o
 .debug_abbrev  0x00000000000007fb      0x1bb Core/Src/sysmem.o
 .debug_abbrev  0x00000000000009b6      0x134 Core/Src/system_stm32f1xx.o
 .debug_abbrev  0x0000000000000aea       0x12 Core/Startup/startup_stm32f103c8tx.o
 .debug_abbrev  0x0000000000000afc      0x1d8 Drivers/STM32F1xx_HAL_Driver/Src/stm32f1xx_hal.o
 .debug_abbrev  0x0000000000000cd4      0x2d5 Drivers/STM32F1xx_HAL_Driver/Src/stm32f1xx_hal_cortex.o
 .debug_abbrev  0x0000000000000fa9      0x1fe Drivers/STM32F1xx_HAL_Driver/Src/stm32f1xx_hal_dma.o
 .debug_abbrev  0x00000000000011a7      0x1c0 Drivers/STM32F1xx_HAL_Driver/Src/stm32f1xx_hal_gpio.o
 .debug_abbrev  0x0000000000001367      0x243 Drivers/STM32F1xx_HAL_Driver/Src/stm32f1xx_hal_rcc.o
 .debug_abbrev  0x00000000000015aa      0x240 Drivers/STM32F1xx_HAL_Driver/Src/stm32f1xx_hal_spi.o

.debug_aranges  0x0000000000000000      0x758
 .debug_aranges
                0x0000000000000000       0xf8 Core/Src/SX1278.o
 .debug_aranges
                0x00000000000000f8       0x40 Core/Src/main.o
 .debug_aranges
                0x0000000000000138       0x30 Core/Src/stm32f1xx_hal_msp.o
 .debug_aranges
                0x0000000000000168       0x68 Core/Src/stm32f1xx_it.o
 .debug_aranges
                0x00000000000001d0       0x20 Core/Src/sysmem.o
 .debug_aranges
                0x00000000000001f0       0x28 Core/Src/system_stm32f1xx.o
 .debug_aranges
                0x0000000000000218       0x28 Core/Startup/startup_stm32f103c8tx.o
 .debug_aranges
                0x0000000000000240       0xe0 Drivers/STM32F1xx_HAL_Driver/Src/stm32f1xx_hal.o
 .debug_aranges
                0x0000000000000320      0x100 Drivers/STM32F1xx_HAL_Driver/Src/stm32f1xx_hal_cortex.o
 .debug_aranges
                0x0000000000000420       0x80 Drivers/STM32F1xx_HAL_Driver/Src/stm32f1xx_hal_dma.o
 .debug_aranges
                0x00000000000004a0       0x58 Drivers/STM32F1xx_HAL_Driver/Src/stm32f1xx_hal_gpio.o
 .debug_aranges
                0x00000000000004f8       0x90 Drivers/STM32F1xx_HAL_Driver/Src/stm32f1xx_hal_rcc.o
 .debug_aranges
                0x0000000000000588      0x1d0 Drivers/STM32F1xx_HAL_Driver/Src/stm32f1xx_hal_spi.o

.debug_ranges   0x0000000000000000      0x690
 .debug_ranges  0x0000000000000000       0xe8 Core/Src/SX1278.o
 .debug_ranges  0x00000000000000e8       0x30 Core/Src/main.o
 .debug_ranges  0x0000000000000118       0x20 Core/Src/stm32f1xx_hal_msp.o
 .debug_ranges  0x0000000000000138       0x58 Core/Src/stm32f1xx_it.o
 .debug_ranges  0x0000000000000190       0x10 Core/Src/sysmem.o
 .debug_ranges  0x00000000000001a0       0x18 Core/Src/system_stm32f1xx.o
 .debug_ranges  0x00000000000001b8       0x20 Core/Startup/startup_stm32f103c8tx.o
 .debug_ranges  0x00000000000001d8       0xd0 Drivers/STM32F1xx_HAL_Driver/Src/stm32f1xx_hal.o
 .debug_ranges  0x00000000000002a8       0xf0 Drivers/STM32F1xx_HAL_Driver/Src/stm32f1xx_hal_cortex.o
 .debug_ranges  0x0000000000000398       0x70 Drivers/STM32F1xx_HAL_Driver/Src/stm32f1xx_hal_dma.o
 .debug_ranges  0x0000000000000408       0x48 Drivers/STM32F1xx_HAL_Driver/Src/stm32f1xx_hal_gpio.o
 .debug_ranges  0x0000000000000450       0x80 Drivers/STM32F1xx_HAL_Driver/Src/stm32f1xx_hal_rcc.o
 .debug_ranges  0x00000000000004d0      0x1c0 Drivers/STM32F1xx_HAL_Driver/Src/stm32f1xx_hal_spi.o

.debug_macro    0x0000000000000000    0x144b6
 .debug_macro   0x0000000000000000      0x332 Core/Src/SX1278.o
 .debug_macro   0x0000000000000332      0xa5a Core/Src/SX1278.o
 .debug_macro   0x0000000000000d8c       0x22 Core/Src/SX1278.o
 .debug_macro   0x0000000000000dae       0x8e Core/Src/SX1278.o
 .debug_macro   0x0000000000000e3c       0x51 Core/Src/SX1278.o
 .debug_macro   0x0000000000000e8d       0xef Core/Src/SX1278.o
 .debug_macro   0x0000000000000f7c       0x6a Core/Src/SX1278.o
 .debug_macro   0x0000000000000fe6      0x1df Core/Src/SX1278.o
 .debug_macro   0x00000000000011c5       0x22 Core/Src/SX1278.o
 .debug_macro   0x00000000000011e7      0x384 Core/Src/SX1278.o
 .debug_macro   0x000000000000156b       0x46 Core/Src/SX1278.o
 .debug_macro   0x00000000000015b1       0x18 Core/Src/SX1278.o
 .debug_macro   0x00000000000015c9       0x3c Core/Src/SX1278.o
 .debug_macro   0x0000000000001605       0x34 Core/Src/SX1278.o
 .debug_macro   0x0000000000001639      0x174 Core/Src/SX1278.o
 .debug_macro   0x00000000000017ad       0x52 Core/Src/SX1278.o
 .debug_macro   0x00000000000017ff       0x1f Core/Src/SX1278.o
 .debug_macro   0x000000000000181e       0x43 Core/Src/SX1278.o
 .debug_macro   0x0000000000001861       0x20 Core/Src/SX1278.o
 .debug_macro   0x0000000000001881      0x1a3 Core/Src/SX1278.o
 .debug_macro   0x0000000000001a24      0x330 Core/Src/SX1278.o
 .debug_macro   0x0000000000001d54       0x10 Core/Src/SX1278.o
 .debug_macro   0x0000000000001d64       0x35 Core/Src/SX1278.o
 .debug_macro   0x0000000000001d99       0x20 Core/Src/SX1278.o
 .debug_macro   0x0000000000001db9      0x215 Core/Src/SX1278.o
 .debug_macro   0x0000000000001fce       0x2e Core/Src/SX1278.o
 .debug_macro   0x0000000000001ffc       0x22 Core/Src/SX1278.o
 .debug_macro   0x000000000000201e       0x1c Core/Src/SX1278.o
 .debug_macro   0x000000000000203a       0x22 Core/Src/SX1278.o
 .debug_macro   0x000000000000205c       0xbd Core/Src/SX1278.o
 .debug_macro   0x0000000000002119      0xd23 Core/Src/SX1278.o
 .debug_macro   0x0000000000002e3c     0xe09e Core/Src/SX1278.o
 .debug_macro   0x0000000000010eda       0x43 Core/Src/SX1278.o
 .debug_macro   0x0000000000010f1d       0x54 Core/Src/SX1278.o
 .debug_macro   0x0000000000010f71      0x5be Core/Src/SX1278.o
 .debug_macro   0x000000000001152f      0x289 Core/Src/SX1278.o
 .debug_macro   0x00000000000117b8      0x1cb Core/Src/SX1278.o
 .debug_macro   0x0000000000011983      0x114 Core/Src/SX1278.o
 .debug_macro   0x0000000000011a97      0x1b2 Core/Src/SX1278.o
 .debug_macro   0x0000000000011c49       0x27 Core/Src/SX1278.o
 .debug_macro   0x0000000000011c70      0x136 Core/Src/SX1278.o
 .debug_macro   0x0000000000011da6      0x1bc Core/Src/SX1278.o
 .debug_macro   0x0000000000011f62       0x34 Core/Src/SX1278.o
 .debug_macro   0x0000000000011f96       0x3c Core/Src/SX1278.o
 .debug_macro   0x0000000000011fd2       0x57 Core/Src/SX1278.o
 .debug_macro   0x0000000000012029       0x88 Core/Src/SX1278.o
 .debug_macro   0x00000000000120b1      0x241 Core/Src/SX1278.o
 .debug_macro   0x00000000000122f2      0x141 Core/Src/SX1278.o
 .debug_macro   0x0000000000012433      0x217 Core/Src/SX1278.o
 .debug_macro   0x000000000001264a       0x83 Core/Src/SX1278.o
 .debug_macro   0x00000000000126cd       0x58 Core/Src/SX1278.o
 .debug_macro   0x0000000000012725       0x1c Core/Src/SX1278.o
 .debug_macro   0x0000000000012741       0x10 Core/Src/SX1278.o
 .debug_macro   0x0000000000012751       0x10 Core/Src/SX1278.o
 .debug_macro   0x0000000000012761       0x1c Core/Src/SX1278.o
 .debug_macro   0x000000000001277d       0x52 Core/Src/SX1278.o
 .debug_macro   0x00000000000127cf       0x40 Core/Src/SX1278.o
 .debug_macro   0x000000000001280f       0x10 Core/Src/SX1278.o
 .debug_macro   0x000000000001281f       0x40 Core/Src/SX1278.o
 .debug_macro   0x000000000001285f       0xd7 Core/Src/SX1278.o
 .debug_macro   0x0000000000012936       0x1c Core/Src/SX1278.o
 .debug_macro   0x0000000000012952       0x3d Core/Src/SX1278.o
 .debug_macro   0x000000000001298f       0x16 Core/Src/SX1278.o
 .debug_macro   0x00000000000129a5      0x145 Core/Src/SX1278.o
 .debug_macro   0x0000000000012aea      0x302 Core/Src/main.o
 .debug_macro   0x0000000000012dec       0xc3 Core/Src/main.o
 .debug_macro   0x0000000000012eaf       0x5a Core/Src/main.o
 .debug_macro   0x0000000000012f09       0x16 Core/Src/main.o
 .debug_macro   0x0000000000012f1f      0x32a Core/Src/main.o
 .debug_macro   0x0000000000013249      0x194 Core/Src/stm32f1xx_hal_msp.o
 .debug_macro   0x00000000000133dd      0x19e Core/Src/stm32f1xx_it.o
 .debug_macro   0x000000000001357b      0x1ae Core/Src/sysmem.o
 .debug_macro   0x0000000000013729      0x23b Core/Src/sysmem.o
 .debug_macro   0x0000000000013964      0x18b Core/Src/system_stm32f1xx.o
 .debug_macro   0x0000000000013aef      0x1a9 Drivers/STM32F1xx_HAL_Driver/Src/stm32f1xx_hal.o
 .debug_macro   0x0000000000013c98      0x185 Drivers/STM32F1xx_HAL_Driver/Src/stm32f1xx_hal_cortex.o
 .debug_macro   0x0000000000013e1d      0x185 Drivers/STM32F1xx_HAL_Driver/Src/stm32f1xx_hal_dma.o
 .debug_macro   0x0000000000013fa2      0x1f0 Drivers/STM32F1xx_HAL_Driver/Src/stm32f1xx_hal_gpio.o
 .debug_macro   0x0000000000014192      0x197 Drivers/STM32F1xx_HAL_Driver/Src/stm32f1xx_hal_rcc.o
 .debug_macro   0x0000000000014329      0x18d Drivers/STM32F1xx_HAL_Driver/Src/stm32f1xx_hal_spi.o

.debug_line     0x0000000000000000     0x69b1
 .debug_line    0x0000000000000000      0xb00 Core/Src/SX1278.o
 .debug_line    0x0000000000000b00      0x8bc Core/Src/main.o
 .debug_line    0x00000000000013bc      0x66a Core/Src/stm32f1xx_hal_msp.o
 .debug_line    0x0000000000001a26      0x6ea Core/Src/stm32f1xx_it.o
 .debug_line    0x0000000000002110      0x59a Core/Src/sysmem.o
 .debug_line    0x00000000000026aa      0x665 Core/Src/system_stm32f1xx.o
 .debug_line    0x0000000000002d0f       0x84 Core/Startup/startup_stm32f103c8tx.o
 .debug_line    0x0000000000002d93      0x80d Drivers/STM32F1xx_HAL_Driver/Src/stm32f1xx_hal.o
 .debug_line    0x00000000000035a0      0x8e6 Drivers/STM32F1xx_HAL_Driver/Src/stm32f1xx_hal_cortex.o
 .debug_line    0x0000000000003e86      0xa74 Drivers/STM32F1xx_HAL_Driver/Src/stm32f1xx_hal_dma.o
 .debug_line    0x00000000000048fa      0x80d Drivers/STM32F1xx_HAL_Driver/Src/stm32f1xx_hal_gpio.o
 .debug_line    0x0000000000005107      0x8cf Drivers/STM32F1xx_HAL_Driver/Src/stm32f1xx_hal_rcc.o
 .debug_line    0x00000000000059d6      0xfdb Drivers/STM32F1xx_HAL_Driver/Src/stm32f1xx_hal_spi.o

.debug_str      0x0000000000000000    0x6b0de
 .debug_str     0x0000000000000000    0x68ebb Core/Src/SX1278.o
                                      0x69217 (size before relaxing)
 .debug_str     0x0000000000068ebb      0x53e Core/Src/main.o
                                      0x694c2 (size before relaxing)
 .debug_str     0x00000000000693f9      0x2e5 Core/Src/stm32f1xx_hal_msp.o
                                      0x64947 (size before relaxing)
 .debug_str     0x00000000000696de       0xcd Core/Src/stm32f1xx_it.o
                                      0x6463b (size before relaxing)
 .debug_str     0x00000000000697ab      0x4be Core/Src/sysmem.o
                                       0x7ada (size before relaxing)
 .debug_str     0x0000000000069c69       0xc2 Core/Src/system_stm32f1xx.o
                                      0x64178 (size before relaxing)
 .debug_str     0x0000000000069d2b       0x36 Core/Startup/startup_stm32f103c8tx.o
                                         0x7f (size before relaxing)
 .debug_str     0x0000000000069d61      0x3c5 Drivers/STM32F1xx_HAL_Driver/Src/stm32f1xx_hal.o
                                      0x64789 (size before relaxing)
 .debug_str     0x000000000006a126      0x2c8 Drivers/STM32F1xx_HAL_Driver/Src/stm32f1xx_hal_cortex.o
                                      0x64797 (size before relaxing)
 .debug_str     0x000000000006a3ee      0x23f Drivers/STM32F1xx_HAL_Driver/Src/stm32f1xx_hal_dma.o
                                      0x644d9 (size before relaxing)
 .debug_str     0x000000000006a62d      0x31f Drivers/STM32F1xx_HAL_Driver/Src/stm32f1xx_hal_gpio.o
                                      0x644c2 (size before relaxing)
 .debug_str     0x000000000006a94c      0x263 Drivers/STM32F1xx_HAL_Driver/Src/stm32f1xx_hal_rcc.o
                                      0x644fb (size before relaxing)
 .debug_str     0x000000000006abaf      0x52f Drivers/STM32F1xx_HAL_Driver/Src/stm32f1xx_hal_spi.o
                                      0x649e9 (size before relaxing)

.comment        0x0000000000000000       0x7b
 .comment       0x0000000000000000       0x7b Core/Src/SX1278.o
                                         0x7c (size before relaxing)
 .comment       0x000000000000007b       0x7c Core/Src/main.o
 .comment       0x000000000000007b       0x7c Core/Src/stm32f1xx_hal_msp.o
 .comment       0x000000000000007b       0x7c Core/Src/stm32f1xx_it.o
 .comment       0x000000000000007b       0x7c Core/Src/sysmem.o
 .comment       0x000000000000007b       0x7c Core/Src/system_stm32f1xx.o
 .comment       0x000000000000007b       0x7c Drivers/STM32F1xx_HAL_Driver/Src/stm32f1xx_hal.o
 .comment       0x000000000000007b       0x7c Drivers/STM32F1xx_HAL_Driver/Src/stm32f1xx_hal_cortex.o
 .comment       0x000000000000007b       0x7c Drivers/STM32F1xx_HAL_Driver/Src/stm32f1xx_hal_dma.o
 .comment       0x000000000000007b       0x7c Drivers/STM32F1xx_HAL_Driver/Src/stm32f1xx_hal_gpio.o
 .comment       0x000000000000007b       0x7c Drivers/STM32F1xx_HAL_Driver/Src/stm32f1xx_hal_rcc.o
 .comment       0x000000000000007b       0x7c Drivers/STM32F1xx_HAL_Driver/Src/stm32f1xx_hal_spi.o

.debug_frame    0x0000000000000000     0x2000
 .debug_frame   0x0000000000000000      0x410 Core/Src/SX1278.o
 .debug_frame   0x0000000000000410       0xb4 Core/Src/main.o
 .debug_frame   0x00000000000004c4       0x80 Core/Src/stm32f1xx_hal_msp.o
 .debug_frame   0x0000000000000544      0x128 Core/Src/stm32f1xx_it.o
 .debug_frame   0x000000000000066c       0x34 Core/Src/sysmem.o
 .debug_frame   0x00000000000006a0       0x58 Core/Src/system_stm32f1xx.o
 .debug_frame   0x00000000000006f8      0x334 Drivers/STM32F1xx_HAL_Driver/Src/stm32f1xx_hal.o
 .debug_frame   0x0000000000000a2c      0x428 Drivers/STM32F1xx_HAL_Driver/Src/stm32f1xx_hal_cortex.o
 .debug_frame   0x0000000000000e54      0x208 Drivers/STM32F1xx_HAL_Driver/Src/stm32f1xx_hal_dma.o
 .debug_frame   0x000000000000105c      0x14c Drivers/STM32F1xx_HAL_Driver/Src/stm32f1xx_hal_gpio.o
 .debug_frame   0x00000000000011a8      0x21c Drivers/STM32F1xx_HAL_Driver/Src/stm32f1xx_hal_rcc.o
 .debug_frame   0x00000000000013c4      0x824 Drivers/STM32F1xx_HAL_Driver/Src/stm32f1xx_hal_spi.o
 .debug_frame   0x0000000000001be8       0x20 /Applications/STM32CubeIDE.app/Contents/Eclipse/plugins/com.st.stm32cube.ide.mcu.externaltools.gnu-tools-for-stm32.7-2018-q2-update.macos64_1.0.0.201904181610/tools/bin/../lib/gcc/arm-none-eabi/7.3.1/../../../../arm-none-eabi/lib/thumb/v7-m/libc_nano.a(lib_a-errno.o)
 .debug_frame   0x0000000000001c08       0x2c /Applications/STM32CubeIDE.app/Contents/Eclipse/plugins/com.st.stm32cube.ide.mcu.externaltools.gnu-tools-for-stm32.7-2018-q2-update.macos64_1.0.0.201904181610/tools/bin/../lib/gcc/arm-none-eabi/7.3.1/../../../../arm-none-eabi/lib/thumb/v7-m/libc_nano.a(lib_a-init.o)
 .debug_frame   0x0000000000001c34       0x28 /Applications/STM32CubeIDE.app/Contents/Eclipse/plugins/com.st.stm32cube.ide.mcu.externaltools.gnu-tools-for-stm32.7-2018-q2-update.macos64_1.0.0.201904181610/tools/bin/../lib/gcc/arm-none-eabi/7.3.1/../../../../arm-none-eabi/lib/thumb/v7-m/libc_nano.a(lib_a-memcpy-stub.o)
 .debug_frame   0x0000000000001c5c       0x20 /Applications/STM32CubeIDE.app/Contents/Eclipse/plugins/com.st.stm32cube.ide.mcu.externaltools.gnu-tools-for-stm32.7-2018-q2-update.macos64_1.0.0.201904181610/tools/bin/../lib/gcc/arm-none-eabi/7.3.1/../../../../arm-none-eabi/lib/thumb/v7-m/libc_nano.a(lib_a-memset.o)
 .debug_frame   0x0000000000001c7c       0x6c /Applications/STM32CubeIDE.app/Contents/Eclipse/plugins/com.st.stm32cube.ide.mcu.externaltools.gnu-tools-for-stm32.7-2018-q2-update.macos64_1.0.0.201904181610/tools/bin/../lib/gcc/arm-none-eabi/7.3.1/../../../../arm-none-eabi/lib/thumb/v7-m/libc_nano.a(lib_a-sprintf.o)
 .debug_frame   0x0000000000001ce8       0x90 /Applications/STM32CubeIDE.app/Contents/Eclipse/plugins/com.st.stm32cube.ide.mcu.externaltools.gnu-tools-for-stm32.7-2018-q2-update.macos64_1.0.0.201904181610/tools/bin/../lib/gcc/arm-none-eabi/7.3.1/../../../../arm-none-eabi/lib/thumb/v7-m/libc_nano.a(lib_a-nano-svfprintf.o)
 .debug_frame   0x0000000000001d78       0x60 /Applications/STM32CubeIDE.app/Contents/Eclipse/plugins/com.st.stm32cube.ide.mcu.externaltools.gnu-tools-for-stm32.7-2018-q2-update.macos64_1.0.0.201904181610/tools/bin/../lib/gcc/arm-none-eabi/7.3.1/../../../../arm-none-eabi/lib/thumb/v7-m/libc_nano.a(lib_a-nano-vfprintf_i.o)
 .debug_frame   0x0000000000001dd8       0x28 /Applications/STM32CubeIDE.app/Contents/Eclipse/plugins/com.st.stm32cube.ide.mcu.externaltools.gnu-tools-for-stm32.7-2018-q2-update.macos64_1.0.0.201904181610/tools/bin/../lib/gcc/arm-none-eabi/7.3.1/../../../../arm-none-eabi/lib/thumb/v7-m/libc_nano.a(lib_a-memchr-stub.o)
 .debug_frame   0x0000000000001e00       0x28 /Applications/STM32CubeIDE.app/Contents/Eclipse/plugins/com.st.stm32cube.ide.mcu.externaltools.gnu-tools-for-stm32.7-2018-q2-update.macos64_1.0.0.201904181610/tools/bin/../lib/gcc/arm-none-eabi/7.3.1/../../../../arm-none-eabi/lib/thumb/v7-m/libc_nano.a(lib_a-memmove.o)
 .debug_frame   0x0000000000001e28       0x38 /Applications/STM32CubeIDE.app/Contents/Eclipse/plugins/com.st.stm32cube.ide.mcu.externaltools.gnu-tools-for-stm32.7-2018-q2-update.macos64_1.0.0.201904181610/tools/bin/../lib/gcc/arm-none-eabi/7.3.1/../../../../arm-none-eabi/lib/thumb/v7-m/libc_nano.a(lib_a-nano-freer.o)
 .debug_frame   0x0000000000001e60       0x2c /Applications/STM32CubeIDE.app/Contents/Eclipse/plugins/com.st.stm32cube.ide.mcu.externaltools.gnu-tools-for-stm32.7-2018-q2-update.macos64_1.0.0.201904181610/tools/bin/../lib/gcc/arm-none-eabi/7.3.1/../../../../arm-none-eabi/lib/thumb/v7-m/libc_nano.a(lib_a-nano-mallocr.o)
 .debug_frame   0x0000000000001e8c       0x3c /Applications/STM32CubeIDE.app/Contents/Eclipse/plugins/com.st.stm32cube.ide.mcu.externaltools.gnu-tools-for-stm32.7-2018-q2-update.macos64_1.0.0.201904181610/tools/bin/../lib/gcc/arm-none-eabi/7.3.1/../../../../arm-none-eabi/lib/thumb/v7-m/libc_nano.a(lib_a-nano-reallocr.o)
 .debug_frame   0x0000000000001ec8       0x2c /Applications/STM32CubeIDE.app/Contents/Eclipse/plugins/com.st.stm32cube.ide.mcu.externaltools.gnu-tools-for-stm32.7-2018-q2-update.macos64_1.0.0.201904181610/tools/bin/../lib/gcc/arm-none-eabi/7.3.1/../../../../arm-none-eabi/lib/thumb/v7-m/libc_nano.a(lib_a-sbrkr.o)
 .debug_frame   0x0000000000001ef4       0x30 /Applications/STM32CubeIDE.app/Contents/Eclipse/plugins/com.st.stm32cube.ide.mcu.externaltools.gnu-tools-for-stm32.7-2018-q2-update.macos64_1.0.0.201904181610/tools/bin/../lib/gcc/arm-none-eabi/7.3.1/../../../../arm-none-eabi/lib/thumb/v7-m/libc_nano.a(lib_a-mlock.o)
 .debug_frame   0x0000000000001f24       0x20 /Applications/STM32CubeIDE.app/Contents/Eclipse/plugins/com.st.stm32cube.ide.mcu.externaltools.gnu-tools-for-stm32.7-2018-q2-update.macos64_1.0.0.201904181610/tools/bin/../lib/gcc/arm-none-eabi/7.3.1/../../../../arm-none-eabi/lib/thumb/v7-m/libc_nano.a(lib_a-nano-msizer.o)
 .debug_frame   0x0000000000001f44       0x5c /Applications/STM32CubeIDE.app/Contents/Eclipse/plugins/com.st.stm32cube.ide.mcu.externaltools.gnu-tools-for-stm32.7-2018-q2-update.macos64_1.0.0.201904181610/tools/bin/../lib/gcc/arm-none-eabi/7.3.1/../../../../arm-none-eabi/lib/thumb/v7-m/libc_nano.a(lib_a-reent.o)
 .debug_frame   0x0000000000001fa0       0x2c /Applications/STM32CubeIDE.app/Contents/Eclipse/plugins/com.st.stm32cube.ide.mcu.externaltools.gnu-tools-for-stm32.7-2018-q2-update.macos64_1.0.0.201904181610/tools/bin/../lib/gcc/arm-none-eabi/7.3.1/thumb/v7-m/libgcc.a(_aeabi_uldivmod.o)
 .debug_frame   0x0000000000001fcc       0x34 /Applications/STM32CubeIDE.app/Contents/Eclipse/plugins/com.st.stm32cube.ide.mcu.externaltools.gnu-tools-for-stm32.7-2018-q2-update.macos64_1.0.0.201904181610/tools/bin/../lib/gcc/arm-none-eabi/7.3.1/thumb/v7-m/libgcc.a(_udivmoddi4.o)
